原始类别分布:
top_bottom_volatility_optimized
0    7554162
1     191042
2     178857
Name: count, dtype: int64
Starting GridSearch for label: top_or_bottom_optimized
[CV] END rf__class_weight={0: 1, 1: 3.8286875990914138, 2: 3.8139745643717897}, rf__max_depth=10, rf__max_features=sqrt, rf__max_samples=0.6, rf__min_samples_leaf=1, rf__min_samples_split=10, rf__n_estimators=100; total time= 6.1min
[CV] END rf__class_weight={0: 1, 1: 3.8286875990914138, 2: 3.8139745643717897}, rf__max_depth=10, rf__max_features=sqrt, rf__max_samples=0.6, rf__min_samples_leaf=1, rf__min_samples_split=10, rf__n_estimators=100; total time=13.8min
[CV] END rf__class_weight={0: 1, 1: 3.8286875990914138, 2: 3.8139745643717897}, rf__max_depth=10, rf__max_features=sqrt, rf__max_samples=0.6, rf__min_samples_leaf=1, rf__min_samples_split=10, rf__n_estimators=100; total time=15.2min
[CV] END rf__class_weight={0: 1, 1: 3.8286875990914138, 2: 3.8139745643717897}, rf__max_depth=10, rf__max_features=sqrt, rf__max_samples=0.6, rf__min_samples_leaf=1, rf__min_samples_split=15, rf__n_estimators=100; total time=11.6min
[CV] END rf__class_weight={0: 1, 1: 3.8286875990914138, 2: 3.8139745643717897}, rf__max_depth=10, rf__max_features=sqrt, rf__max_samples=0.6, rf__min_samples_leaf=1, rf__min_samples_split=15, rf__n_estimators=100; total time=12.0min
[CV] END rf__class_weight={0: 1, 1: 3.8286875990914138, 2: 3.8139745643717897}, rf__max_depth=10, rf__max_features=sqrt, rf__max_samples=0.6, rf__min_samples_leaf=1, rf__min_samples_split=10, rf__n_estimators=300; total time=28.1min
[CV] END rf__class_weight={0: 1, 1: 3.8286875990914138, 2: 3.8139745643717897}, rf__max_depth=10, rf__max_features=sqrt, rf__max_samples=0.6, rf__min_samples_leaf=1, rf__min_samples_split=10, rf__n_estimators=300; total time=28.4min
[CV] END rf__class_weight={0: 1, 1: 3.8286875990914138, 2: 3.8139745643717897}, rf__max_depth=10, rf__max_features=sqrt, rf__max_samples=0.6, rf__min_samples_leaf=1, rf__min_samples_split=10, rf__n_estimators=300; total time=29.1min
[CV] END rf__class_weight={0: 1, 1: 3.8286875990914138, 2: 3.8139745643717897}, rf__max_depth=10, rf__max_features=sqrt, rf__max_samples=0.6, rf__min_samples_leaf=1, rf__min_samples_split=15, rf__n_estimators=100; total time=12.2min
[CV] END rf__class_weight={0: 1, 1: 3.8286875990914138, 2: 3.8139745643717897}, rf__max_depth=10, rf__max_features=sqrt, rf__max_samples=0.6, rf__min_samples_leaf=1, rf__min_samples_split=10, rf__n_estimators=500; total time=43.4min
[CV] END rf__class_weight={0: 1, 1: 3.8286875990914138, 2: 3.8139745643717897}, rf__max_depth=10, rf__max_features=sqrt, rf__max_samples=0.6, rf__min_samples_leaf=1, rf__min_samples_split=10, rf__n_estimators=500; total time=44.8min
[CV] END rf__class_weight={0: 1, 1: 3.8286875990914138, 2: 3.8139745643717897}, rf__max_depth=10, rf__max_features=sqrt, rf__max_samples=0.6, rf__min_samples_leaf=1, rf__min_samples_split=10, rf__n_estimators=500; total time=45.0min
[CV] END rf__class_weight={0: 1, 1: 3.8286875990914138, 2: 3.8139745643717897}, rf__max_depth=10, rf__max_features=sqrt, rf__max_samples=0.6, rf__min_samples_leaf=1, rf__min_samples_split=15, rf__n_estimators=300; total time=25.0min
[CV] END rf__class_weight={0: 1, 1: 3.8286875990914138, 2: 3.8139745643717897}, rf__max_depth=10, rf__max_features=sqrt, rf__max_samples=0.6, rf__min_samples_leaf=1, rf__min_samples_split=20, rf__n_estimators=100; total time=10.8min
[CV] END rf__class_weight={0: 1, 1: 3.8286875990914138, 2: 3.8139745643717897}, rf__max_depth=10, rf__max_features=sqrt, rf__max_samples=0.6, rf__min_samples_leaf=1, rf__min_samples_split=15, rf__n_estimators=300; total time=28.0min
[CV] END rf__class_weight={0: 1, 1: 3.8286875990914138, 2: 3.8139745643717897}, rf__max_depth=10, rf__max_features=sqrt, rf__max_samples=0.6, rf__min_samples_leaf=1, rf__min_samples_split=15, rf__n_estimators=300; total time=31.1min
[CV] END rf__class_weight={0: 1, 1: 3.8286875990914138, 2: 3.8139745643717897}, rf__max_depth=10, rf__max_features=sqrt, rf__max_samples=0.6, rf__min_samples_leaf=1, rf__min_samples_split=20, rf__n_estimators=100; total time=10.6min
[CV] END rf__class_weight={0: 1, 1: 3.8286875990914138, 2: 3.8139745643717897}, rf__max_depth=10, rf__max_features=sqrt, rf__max_samples=0.6, rf__min_samples_leaf=1, rf__min_samples_split=20, rf__n_estimators=100; total time=11.0min
[CV] END rf__class_weight={0: 1, 1: 3.8286875990914138, 2: 3.8139745643717897}, rf__max_depth=10, rf__max_features=sqrt, rf__max_samples=0.6, rf__min_samples_leaf=1, rf__min_samples_split=15, rf__n_estimators=500; total time=38.9min
[CV] END rf__class_weight={0: 1, 1: 3.8286875990914138, 2: 3.8139745643717897}, rf__max_depth=10, rf__max_features=sqrt, rf__max_samples=0.6, rf__min_samples_leaf=1, rf__min_samples_split=15, rf__n_estimators=500; total time=40.4min
[CV] END rf__class_weight={0: 1, 1: 3.8286875990914138, 2: 3.8139745643717897}, rf__max_depth=10, rf__max_features=sqrt, rf__max_samples=0.6, rf__min_samples_leaf=1, rf__min_samples_split=15, rf__n_estimators=500; total time=38.4min
[CV] END rf__class_weight={0: 1, 1: 3.8286875990914138, 2: 3.8139745643717897}, rf__max_depth=10, rf__max_features=sqrt, rf__max_samples=0.6, rf__min_samples_leaf=1, rf__min_samples_split=20, rf__n_estimators=300; total time=26.8min
[CV] END rf__class_weight={0: 1, 1: 3.8286875990914138, 2: 3.8139745643717897}, rf__max_depth=10, rf__max_features=sqrt, rf__max_samples=0.6, rf__min_samples_leaf=1, rf__min_samples_split=20, rf__n_estimators=300; total time=26.6min
[CV] END rf__class_weight={0: 1, 1: 3.8286875990914138, 2: 3.8139745643717897}, rf__max_depth=10, rf__max_features=sqrt, rf__max_samples=0.6, rf__min_samples_leaf=1, rf__min_samples_split=20, rf__n_estimators=300; total time=28.7min
[CV] END rf__class_weight={0: 1, 1: 3.8286875990914138, 2: 3.8139745643717897}, rf__max_depth=10, rf__max_features=sqrt, rf__max_samples=0.6, rf__min_samples_leaf=2, rf__min_samples_split=10, rf__n_estimators=100; total time=12.6min
[CV] END rf__class_weight={0: 1, 1: 3.8286875990914138, 2: 3.8139745643717897}, rf__max_depth=10, rf__max_features=sqrt, rf__max_samples=0.6, rf__min_samples_leaf=2, rf__min_samples_split=10, rf__n_estimators=100; total time=11.8min
[CV] END rf__class_weight={0: 1, 1: 3.8286875990914138, 2: 3.8139745643717897}, rf__max_depth=10, rf__max_features=sqrt, rf__max_samples=0.6, rf__min_samples_leaf=2, rf__min_samples_split=10, rf__n_estimators=100; total time=14.3min
[CV] END rf__class_weight={0: 1, 1: 3.8286875990914138, 2: 3.8139745643717897}, rf__max_depth=10, rf__max_features=sqrt, rf__max_samples=0.6, rf__min_samples_leaf=1, rf__min_samples_split=20, rf__n_estimators=500; total time=39.1min
[CV] END rf__class_weight={0: 1, 1: 3.8286875990914138, 2: 3.8139745643717897}, rf__max_depth=10, rf__max_features=sqrt, rf__max_samples=0.6, rf__min_samples_leaf=1, rf__min_samples_split=20, rf__n_estimators=500; total time=41.5min
[CV] END rf__class_weight={0: 1, 1: 3.8286875990914138, 2: 3.8139745643717897}, rf__max_depth=10, rf__max_features=sqrt, rf__max_samples=0.6, rf__min_samples_leaf=1, rf__min_samples_split=20, rf__n_estimators=500; total time=40.2min
[CV] END rf__class_weight={0: 1, 1: 3.8286875990914138, 2: 3.8139745643717897}, rf__max_depth=10, rf__max_features=sqrt, rf__max_samples=0.6, rf__min_samples_leaf=2, rf__min_samples_split=10, rf__n_estimators=300; total time=25.7min
[CV] END rf__class_weight={0: 1, 1: 3.8286875990914138, 2: 3.8139745643717897}, rf__max_depth=10, rf__max_features=sqrt, rf__max_samples=0.6, rf__min_samples_leaf=2, rf__min_samples_split=10, rf__n_estimators=300; total time=27.2min
[CV] END rf__class_weight={0: 1, 1: 3.8286875990914138, 2: 3.8139745643717897}, rf__max_depth=10, rf__max_features=sqrt, rf__max_samples=0.6, rf__min_samples_leaf=2, rf__min_samples_split=15, rf__n_estimators=100; total time=10.7min
[CV] END rf__class_weight={0: 1, 1: 3.8286875990914138, 2: 3.8139745643717897}, rf__max_depth=10, rf__max_features=sqrt, rf__max_samples=0.6, rf__min_samples_leaf=2, rf__min_samples_split=10, rf__n_estimators=300; total time=25.1min
[CV] END rf__class_weight={0: 1, 1: 3.8286875990914138, 2: 3.8139745643717897}, rf__max_depth=10, rf__max_features=sqrt, rf__max_samples=0.6, rf__min_samples_leaf=2, rf__min_samples_split=15, rf__n_estimators=100; total time=12.0min
[CV] END rf__class_weight={0: 1, 1: 3.8286875990914138, 2: 3.8139745643717897}, rf__max_depth=10, rf__max_features=sqrt, rf__max_samples=0.6, rf__min_samples_leaf=2, rf__min_samples_split=15, rf__n_estimators=100; total time=15.0min
[CV] END rf__class_weight={0: 1, 1: 3.8286875990914138, 2: 3.8139745643717897}, rf__max_depth=10, rf__max_features=sqrt, rf__max_samples=0.6, rf__min_samples_leaf=2, rf__min_samples_split=10, rf__n_estimators=500; total time=38.9min
[CV] END rf__class_weight={0: 1, 1: 3.8286875990914138, 2: 3.8139745643717897}, rf__max_depth=10, rf__max_features=sqrt, rf__max_samples=0.6, rf__min_samples_leaf=2, rf__min_samples_split=10, rf__n_estimators=500; total time=39.8min
[CV] END rf__class_weight={0: 1, 1: 3.8286875990914138, 2: 3.8139745643717897}, rf__max_depth=10, rf__max_features=sqrt, rf__max_samples=0.6, rf__min_samples_leaf=2, rf__min_samples_split=10, rf__n_estimators=500; total time=37.9min
[CV] END rf__class_weight={0: 1, 1: 3.8286875990914138, 2: 3.8139745643717897}, rf__max_depth=10, rf__max_features=sqrt, rf__max_samples=0.6, rf__min_samples_leaf=2, rf__min_samples_split=15, rf__n_estimators=300; total time=26.4min
[CV] END rf__class_weight={0: 1, 1: 3.8286875990914138, 2: 3.8139745643717897}, rf__max_depth=10, rf__max_features=sqrt, rf__max_samples=0.6, rf__min_samples_leaf=2, rf__min_samples_split=15, rf__n_estimators=300; total time=29.3min
[CV] END rf__class_weight={0: 1, 1: 3.8286875990914138, 2: 3.8139745643717897}, rf__max_depth=10, rf__max_features=sqrt, rf__max_samples=0.6, rf__min_samples_leaf=2, rf__min_samples_split=15, rf__n_estimators=300; total time=29.1min
[CV] END rf__class_weight={0: 1, 1: 3.8286875990914138, 2: 3.8139745643717897}, rf__max_depth=10, rf__max_features=sqrt, rf__max_samples=0.6, rf__min_samples_leaf=2, rf__min_samples_split=20, rf__n_estimators=100; total time=11.8min
[CV] END rf__class_weight={0: 1, 1: 3.8286875990914138, 2: 3.8139745643717897}, rf__max_depth=10, rf__max_features=sqrt, rf__max_samples=0.6, rf__min_samples_leaf=2, rf__min_samples_split=20, rf__n_estimators=100; total time=12.3min
[CV] END rf__class_weight={0: 1, 1: 3.8286875990914138, 2: 3.8139745643717897}, rf__max_depth=10, rf__max_features=sqrt, rf__max_samples=0.6, rf__min_samples_leaf=2, rf__min_samples_split=20, rf__n_estimators=100; total time=10.8min
[CV] END rf__class_weight={0: 1, 1: 3.8286875990914138, 2: 3.8139745643717897}, rf__max_depth=10, rf__max_features=sqrt, rf__max_samples=0.6, rf__min_samples_leaf=2, rf__min_samples_split=15, rf__n_estimators=500; total time=42.5min
[CV] END rf__class_weight={0: 1, 1: 3.8286875990914138, 2: 3.8139745643717897}, rf__max_depth=10, rf__max_features=sqrt, rf__max_samples=0.6, rf__min_samples_leaf=2, rf__min_samples_split=15, rf__n_estimators=500; total time=41.1min
[CV] END rf__class_weight={0: 1, 1: 3.8286875990914138, 2: 3.8139745643717897}, rf__max_depth=10, rf__max_features=sqrt, rf__max_samples=0.6, rf__min_samples_leaf=2, rf__min_samples_split=20, rf__n_estimators=300; total time=26.0min
[CV] END rf__class_weight={0: 1, 1: 3.8286875990914138, 2: 3.8139745643717897}, rf__max_depth=10, rf__max_features=sqrt, rf__max_samples=0.6, rf__min_samples_leaf=2, rf__min_samples_split=20, rf__n_estimators=300; total time=26.4min
[CV] END rf__class_weight={0: 1, 1: 3.8286875990914138, 2: 3.8139745643717897}, rf__max_depth=10, rf__max_features=sqrt, rf__max_samples=0.6, rf__min_samples_leaf=2, rf__min_samples_split=15, rf__n_estimators=500; total time=38.8min
[CV] END rf__class_weight={0: 1, 1: 3.8286875990914138, 2: 3.8139745643717897}, rf__max_depth=10, rf__max_features=sqrt, rf__max_samples=0.6, rf__min_samples_leaf=2, rf__min_samples_split=20, rf__n_estimators=300; total time=26.4min
[CV] END rf__class_weight={0: 1, 1: 3.8286875990914138, 2: 3.8139745643717897}, rf__max_depth=10, rf__max_features=sqrt, rf__max_samples=0.6, rf__min_samples_leaf=5, rf__min_samples_split=10, rf__n_estimators=100; total time=11.6min
[CV] END rf__class_weight={0: 1, 1: 3.8286875990914138, 2: 3.8139745643717897}, rf__max_depth=10, rf__max_features=sqrt, rf__max_samples=0.6, rf__min_samples_leaf=5, rf__min_samples_split=10, rf__n_estimators=100; total time=14.1min
[CV] END rf__class_weight={0: 1, 1: 3.8286875990914138, 2: 3.8139745643717897}, rf__max_depth=10, rf__max_features=sqrt, rf__max_samples=0.6, rf__min_samples_leaf=5, rf__min_samples_split=10, rf__n_estimators=100; total time=16.7min
[CV] END rf__class_weight={0: 1, 1: 3.8286875990914138, 2: 3.8139745643717897}, rf__max_depth=10, rf__max_features=sqrt, rf__max_samples=0.6, rf__min_samples_leaf=2, rf__min_samples_split=20, rf__n_estimators=500; total time=39.0min
[CV] END rf__class_weight={0: 1, 1: 3.8286875990914138, 2: 3.8139745643717897}, rf__max_depth=10, rf__max_features=sqrt, rf__max_samples=0.6, rf__min_samples_leaf=2, rf__min_samples_split=20, rf__n_estimators=500; total time=40.8min
[CV] END rf__class_weight={0: 1, 1: 3.8286875990914138, 2: 3.8139745643717897}, rf__max_depth=10, rf__max_features=sqrt, rf__max_samples=0.6, rf__min_samples_leaf=5, rf__min_samples_split=10, rf__n_estimators=300; total time=25.6min
[CV] END rf__class_weight={0: 1, 1: 3.8286875990914138, 2: 3.8139745643717897}, rf__max_depth=10, rf__max_features=sqrt, rf__max_samples=0.6, rf__min_samples_leaf=5, rf__min_samples_split=10, rf__n_estimators=300; total time=26.5min
[CV] END rf__class_weight={0: 1, 1: 3.8286875990914138, 2: 3.8139745643717897}, rf__max_depth=10, rf__max_features=sqrt, rf__max_samples=0.6, rf__min_samples_leaf=5, rf__min_samples_split=10, rf__n_estimators=300; total time=26.1min
[CV] END rf__class_weight={0: 1, 1: 3.8286875990914138, 2: 3.8139745643717897}, rf__max_depth=10, rf__max_features=sqrt, rf__max_samples=0.6, rf__min_samples_leaf=2, rf__min_samples_split=20, rf__n_estimators=500; total time=40.6min
[CV] END rf__class_weight={0: 1, 1: 3.8286875990914138, 2: 3.8139745643717897}, rf__max_depth=10, rf__max_features=sqrt, rf__max_samples=0.6, rf__min_samples_leaf=5, rf__min_samples_split=15, rf__n_estimators=100; total time=12.7min
[CV] END rf__class_weight={0: 1, 1: 3.8286875990914138, 2: 3.8139745643717897}, rf__max_depth=10, rf__max_features=sqrt, rf__max_samples=0.6, rf__min_samples_leaf=5, rf__min_samples_split=15, rf__n_estimators=100; total time=10.8min
[CV] END rf__class_weight={0: 1, 1: 3.8286875990914138, 2: 3.8139745643717897}, rf__max_depth=10, rf__max_features=sqrt, rf__max_samples=0.6, rf__min_samples_leaf=5, rf__min_samples_split=15, rf__n_estimators=100; total time=11.5min
[CV] END rf__class_weight={0: 1, 1: 3.8286875990914138, 2: 3.8139745643717897}, rf__max_depth=10, rf__max_features=sqrt, rf__max_samples=0.6, rf__min_samples_leaf=5, rf__min_samples_split=10, rf__n_estimators=500; total time=39.9min
[CV] END rf__class_weight={0: 1, 1: 3.8286875990914138, 2: 3.8139745643717897}, rf__max_depth=10, rf__max_features=sqrt, rf__max_samples=0.6, rf__min_samples_leaf=5, rf__min_samples_split=10, rf__n_estimators=500; total time=39.2min
[CV] END rf__class_weight={0: 1, 1: 3.8286875990914138, 2: 3.8139745643717897}, rf__max_depth=10, rf__max_features=sqrt, rf__max_samples=0.6, rf__min_samples_leaf=5, rf__min_samples_split=10, rf__n_estimators=500; total time=40.2min
[CV] END rf__class_weight={0: 1, 1: 3.8286875990914138, 2: 3.8139745643717897}, rf__max_depth=10, rf__max_features=sqrt, rf__max_samples=0.6, rf__min_samples_leaf=5, rf__min_samples_split=15, rf__n_estimators=300; total time=26.3min
[CV] END rf__class_weight={0: 1, 1: 3.8286875990914138, 2: 3.8139745643717897}, rf__max_depth=10, rf__max_features=sqrt, rf__max_samples=0.6, rf__min_samples_leaf=5, rf__min_samples_split=15, rf__n_estimators=300; total time=28.8min
[CV] END rf__class_weight={0: 1, 1: 3.8286875990914138, 2: 3.8139745643717897}, rf__max_depth=10, rf__max_features=sqrt, rf__max_samples=0.6, rf__min_samples_leaf=5, rf__min_samples_split=15, rf__n_estimators=300; total time=27.7min
[CV] END rf__class_weight={0: 1, 1: 3.8286875990914138, 2: 3.8139745643717897}, rf__max_depth=10, rf__max_features=sqrt, rf__max_samples=0.6, rf__min_samples_leaf=5, rf__min_samples_split=20, rf__n_estimators=100; total time=11.2min
[CV] END rf__class_weight={0: 1, 1: 3.8286875990914138, 2: 3.8139745643717897}, rf__max_depth=10, rf__max_features=sqrt, rf__max_samples=0.6, rf__min_samples_leaf=5, rf__min_samples_split=20, rf__n_estimators=100; total time=13.7min
[CV] END rf__class_weight={0: 1, 1: 3.8286875990914138, 2: 3.8139745643717897}, rf__max_depth=10, rf__max_features=sqrt, rf__max_samples=0.6, rf__min_samples_leaf=5, rf__min_samples_split=20, rf__n_estimators=100; total time=14.6min
[CV] END rf__class_weight={0: 1, 1: 3.8286875990914138, 2: 3.8139745643717897}, rf__max_depth=10, rf__max_features=sqrt, rf__max_samples=0.6, rf__min_samples_leaf=5, rf__min_samples_split=15, rf__n_estimators=500; total time=40.3min
[CV] END rf__class_weight={0: 1, 1: 3.8286875990914138, 2: 3.8139745643717897}, rf__max_depth=10, rf__max_features=sqrt, rf__max_samples=0.6, rf__min_samples_leaf=5, rf__min_samples_split=15, rf__n_estimators=500; total time=43.1min
[CV] END rf__class_weight={0: 1, 1: 3.8286875990914138, 2: 3.8139745643717897}, rf__max_depth=10, rf__max_features=sqrt, rf__max_samples=0.6, rf__min_samples_leaf=5, rf__min_samples_split=20, rf__n_estimators=300; total time=27.7min
[CV] END rf__class_weight={0: 1, 1: 3.8286875990914138, 2: 3.8139745643717897}, rf__max_depth=10, rf__max_features=sqrt, rf__max_samples=0.6, rf__min_samples_leaf=5, rf__min_samples_split=20, rf__n_estimators=300; total time=29.5min
[CV] END rf__class_weight={0: 1, 1: 3.8286875990914138, 2: 3.8139745643717897}, rf__max_depth=10, rf__max_features=sqrt, rf__max_samples=0.6, rf__min_samples_leaf=5, rf__min_samples_split=20, rf__n_estimators=300; total time=30.4min
[CV] END rf__class_weight={0: 1, 1: 3.8286875990914138, 2: 3.8139745643717897}, rf__max_depth=10, rf__max_features=sqrt, rf__max_samples=0.7, rf__min_samples_leaf=1, rf__min_samples_split=10, rf__n_estimators=100; total time=13.9min
[CV] END rf__class_weight={0: 1, 1: 3.8286875990914138, 2: 3.8139745643717897}, rf__max_depth=10, rf__max_features=sqrt, rf__max_samples=0.6, rf__min_samples_leaf=5, rf__min_samples_split=15, rf__n_estimators=500; total time=45.2min
[CV] END rf__class_weight={0: 1, 1: 3.8286875990914138, 2: 3.8139745643717897}, rf__max_depth=10, rf__max_features=sqrt, rf__max_samples=0.7, rf__min_samples_leaf=1, rf__min_samples_split=10, rf__n_estimators=100; total time=14.9min
[CV] END rf__class_weight={0: 1, 1: 3.8286875990914138, 2: 3.8139745643717897}, rf__max_depth=10, rf__max_features=sqrt, rf__max_samples=0.7, rf__min_samples_leaf=1, rf__min_samples_split=10, rf__n_estimators=100; total time=13.3min
[CV] END rf__class_weight={0: 1, 1: 3.8286875990914138, 2: 3.8139745643717897}, rf__max_depth=10, rf__max_features=sqrt, rf__max_samples=0.6, rf__min_samples_leaf=5, rf__min_samples_split=20, rf__n_estimators=500; total time=44.2min
[CV] END rf__class_weight={0: 1, 1: 3.8286875990914138, 2: 3.8139745643717897}, rf__max_depth=10, rf__max_features=sqrt, rf__max_samples=0.6, rf__min_samples_leaf=5, rf__min_samples_split=20, rf__n_estimators=500; total time=46.6min
[CV] END rf__class_weight={0: 1, 1: 3.8286875990914138, 2: 3.8139745643717897}, rf__max_depth=10, rf__max_features=sqrt, rf__max_samples=0.6, rf__min_samples_leaf=5, rf__min_samples_split=20, rf__n_estimators=500; total time=44.7min
[CV] END rf__class_weight={0: 1, 1: 3.8286875990914138, 2: 3.8139745643717897}, rf__max_depth=10, rf__max_features=sqrt, rf__max_samples=0.7, rf__min_samples_leaf=1, rf__min_samples_split=10, rf__n_estimators=300; total time=32.2min
[CV] END rf__class_weight={0: 1, 1: 3.8286875990914138, 2: 3.8139745643717897}, rf__max_depth=10, rf__max_features=sqrt, rf__max_samples=0.7, rf__min_samples_leaf=1, rf__min_samples_split=10, rf__n_estimators=300; total time=31.7min
[CV] END rf__class_weight={0: 1, 1: 3.8286875990914138, 2: 3.8139745643717897}, rf__max_depth=10, rf__max_features=sqrt, rf__max_samples=0.7, rf__min_samples_leaf=1, rf__min_samples_split=10, rf__n_estimators=300; total time=36.1min
[CV] END rf__class_weight={0: 1, 1: 3.8286875990914138, 2: 3.8139745643717897}, rf__max_depth=10, rf__max_features=sqrt, rf__max_samples=0.7, rf__min_samples_leaf=1, rf__min_samples_split=15, rf__n_estimators=100; total time=15.1min
[CV] END rf__class_weight={0: 1, 1: 3.8286875990914138, 2: 3.8139745643717897}, rf__max_depth=10, rf__max_features=sqrt, rf__max_samples=0.7, rf__min_samples_leaf=1, rf__min_samples_split=15, rf__n_estimators=100; total time=17.1min
[CV] END rf__class_weight={0: 1, 1: 3.8286875990914138, 2: 3.8139745643717897}, rf__max_depth=10, rf__max_features=sqrt, rf__max_samples=0.7, rf__min_samples_leaf=1, rf__min_samples_split=15, rf__n_estimators=100; total time=14.2min
[CV] END rf__class_weight={0: 1, 1: 3.8286875990914138, 2: 3.8139745643717897}, rf__max_depth=10, rf__max_features=sqrt, rf__max_samples=0.7, rf__min_samples_leaf=1, rf__min_samples_split=10, rf__n_estimators=500; total time=49.9min
[CV] END rf__class_weight={0: 1, 1: 3.8286875990914138, 2: 3.8139745643717897}, rf__max_depth=10, rf__max_features=sqrt, rf__max_samples=0.7, rf__min_samples_leaf=1, rf__min_samples_split=10, rf__n_estimators=500; total time=50.0min
[CV] END rf__class_weight={0: 1, 1: 3.8286875990914138, 2: 3.8139745643717897}, rf__max_depth=10, rf__max_features=sqrt, rf__max_samples=0.7, rf__min_samples_leaf=1, rf__min_samples_split=15, rf__n_estimators=300; total time=32.4min
[CV] END rf__class_weight={0: 1, 1: 3.8286875990914138, 2: 3.8139745643717897}, rf__max_depth=10, rf__max_features=sqrt, rf__max_samples=0.7, rf__min_samples_leaf=1, rf__min_samples_split=10, rf__n_estimators=500; total time=48.8min
[CV] END rf__class_weight={0: 1, 1: 3.8286875990914138, 2: 3.8139745643717897}, rf__max_depth=10, rf__max_features=sqrt, rf__max_samples=0.7, rf__min_samples_leaf=1, rf__min_samples_split=15, rf__n_estimators=300; total time=31.4min
[CV] END rf__class_weight={0: 1, 1: 3.8286875990914138, 2: 3.8139745643717897}, rf__max_depth=10, rf__max_features=sqrt, rf__max_samples=0.7, rf__min_samples_leaf=1, rf__min_samples_split=15, rf__n_estimators=300; total time=32.4min
[CV] END rf__class_weight={0: 1, 1: 3.8286875990914138, 2: 3.8139745643717897}, rf__max_depth=10, rf__max_features=sqrt, rf__max_samples=0.7, rf__min_samples_leaf=1, rf__min_samples_split=20, rf__n_estimators=100; total time=14.1min
[CV] END rf__class_weight={0: 1, 1: 3.8286875990914138, 2: 3.8139745643717897}, rf__max_depth=10, rf__max_features=sqrt, rf__max_samples=0.7, rf__min_samples_leaf=1, rf__min_samples_split=20, rf__n_estimators=100; total time=12.3min
[CV] END rf__class_weight={0: 1, 1: 3.8286875990914138, 2: 3.8139745643717897}, rf__max_depth=10, rf__max_features=sqrt, rf__max_samples=0.7, rf__min_samples_leaf=1, rf__min_samples_split=20, rf__n_estimators=100; total time=14.0min
[CV] END rf__class_weight={0: 1, 1: 3.8286875990914138, 2: 3.8139745643717897}, rf__max_depth=10, rf__max_features=sqrt, rf__max_samples=0.7, rf__min_samples_leaf=1, rf__min_samples_split=15, rf__n_estimators=500; total time=49.4min
[CV] END rf__class_weight={0: 1, 1: 3.8286875990914138, 2: 3.8139745643717897}, rf__max_depth=10, rf__max_features=sqrt, rf__max_samples=0.7, rf__min_samples_leaf=1, rf__min_samples_split=15, rf__n_estimators=500; total time=46.4min
[CV] END rf__class_weight={0: 1, 1: 3.8286875990914138, 2: 3.8139745643717897}, rf__max_depth=10, rf__max_features=sqrt, rf__max_samples=0.7, rf__min_samples_leaf=1, rf__min_samples_split=20, rf__n_estimators=300; total time=29.0min
[CV] END rf__class_weight={0: 1, 1: 3.8286875990914138, 2: 3.8139745643717897}, rf__max_depth=10, rf__max_features=sqrt, rf__max_samples=0.7, rf__min_samples_leaf=1, rf__min_samples_split=15, rf__n_estimators=500; total time=45.0min
[CV] END rf__class_weight={0: 1, 1: 3.8286875990914138, 2: 3.8139745643717897}, rf__max_depth=10, rf__max_features=sqrt, rf__max_samples=0.7, rf__min_samples_leaf=1, rf__min_samples_split=20, rf__n_estimators=300; total time=28.5min
[CV] END rf__class_weight={0: 1, 1: 3.8286875990914138, 2: 3.8139745643717897}, rf__max_depth=10, rf__max_features=sqrt, rf__max_samples=0.7, rf__min_samples_leaf=1, rf__min_samples_split=20, rf__n_estimators=300; total time=31.7min
[CV] END rf__class_weight={0: 1, 1: 3.8286875990914138, 2: 3.8139745643717897}, rf__max_depth=10, rf__max_features=sqrt, rf__max_samples=0.7, rf__min_samples_leaf=2, rf__min_samples_split=10, rf__n_estimators=100; total time=13.0min
[CV] END rf__class_weight={0: 1, 1: 3.8286875990914138, 2: 3.8139745643717897}, rf__max_depth=10, rf__max_features=sqrt, rf__max_samples=0.7, rf__min_samples_leaf=2, rf__min_samples_split=10, rf__n_estimators=100; total time=13.0min
[CV] END rf__class_weight={0: 1, 1: 3.8286875990914138, 2: 3.8139745643717897}, rf__max_depth=10, rf__max_features=sqrt, rf__max_samples=0.7, rf__min_samples_leaf=2, rf__min_samples_split=10, rf__n_estimators=100; total time=12.1min
[CV] END rf__class_weight={0: 1, 1: 3.8286875990914138, 2: 3.8139745643717897}, rf__max_depth=10, rf__max_features=sqrt, rf__max_samples=0.7, rf__min_samples_leaf=1, rf__min_samples_split=20, rf__n_estimators=500; total time=45.9min
[CV] END rf__class_weight={0: 1, 1: 3.8286875990914138, 2: 3.8139745643717897}, rf__max_depth=10, rf__max_features=sqrt, rf__max_samples=0.7, rf__min_samples_leaf=1, rf__min_samples_split=20, rf__n_estimators=500; total time=44.3min
[CV] END rf__class_weight={0: 1, 1: 3.8286875990914138, 2: 3.8139745643717897}, rf__max_depth=10, rf__max_features=sqrt, rf__max_samples=0.7, rf__min_samples_leaf=2, rf__min_samples_split=10, rf__n_estimators=300; total time=31.0min
[CV] END rf__class_weight={0: 1, 1: 3.8286875990914138, 2: 3.8139745643717897}, rf__max_depth=10, rf__max_features=sqrt, rf__max_samples=0.7, rf__min_samples_leaf=2, rf__min_samples_split=10, rf__n_estimators=300; total time=29.1min
[CV] END rf__class_weight={0: 1, 1: 3.8286875990914138, 2: 3.8139745643717897}, rf__max_depth=10, rf__max_features=sqrt, rf__max_samples=0.7, rf__min_samples_leaf=1, rf__min_samples_split=20, rf__n_estimators=500; total time=44.7min
[CV] END rf__class_weight={0: 1, 1: 3.8286875990914138, 2: 3.8139745643717897}, rf__max_depth=10, rf__max_features=sqrt, rf__max_samples=0.7, rf__min_samples_leaf=2, rf__min_samples_split=10, rf__n_estimators=300; total time=30.0min
[CV] END rf__class_weight={0: 1, 1: 3.8286875990914138, 2: 3.8139745643717897}, rf__max_depth=10, rf__max_features=sqrt, rf__max_samples=0.7, rf__min_samples_leaf=2, rf__min_samples_split=15, rf__n_estimators=100; total time=11.7min
[CV] END rf__class_weight={0: 1, 1: 3.8286875990914138, 2: 3.8139745643717897}, rf__max_depth=10, rf__max_features=sqrt, rf__max_samples=0.7, rf__min_samples_leaf=2, rf__min_samples_split=15, rf__n_estimators=100; total time=12.3min
[CV] END rf__class_weight={0: 1, 1: 3.8286875990914138, 2: 3.8139745643717897}, rf__max_depth=10, rf__max_features=sqrt, rf__max_samples=0.7, rf__min_samples_leaf=2, rf__min_samples_split=15, rf__n_estimators=100; total time=15.7min
[CV] END rf__class_weight={0: 1, 1: 3.8286875990914138, 2: 3.8139745643717897}, rf__max_depth=10, rf__max_features=sqrt, rf__max_samples=0.7, rf__min_samples_leaf=2, rf__min_samples_split=10, rf__n_estimators=500; total time=43.6min
[CV] END rf__class_weight={0: 1, 1: 3.8286875990914138, 2: 3.8139745643717897}, rf__max_depth=10, rf__max_features=sqrt, rf__max_samples=0.7, rf__min_samples_leaf=2, rf__min_samples_split=10, rf__n_estimators=500; total time=46.9min
[CV] END rf__class_weight={0: 1, 1: 3.8286875990914138, 2: 3.8139745643717897}, rf__max_depth=10, rf__max_features=sqrt, rf__max_samples=0.7, rf__min_samples_leaf=2, rf__min_samples_split=15, rf__n_estimators=300; total time=31.4min
[CV] END rf__class_weight={0: 1, 1: 3.8286875990914138, 2: 3.8139745643717897}, rf__max_depth=10, rf__max_features=sqrt, rf__max_samples=0.7, rf__min_samples_leaf=2, rf__min_samples_split=15, rf__n_estimators=300; total time=30.4min
[CV] END rf__class_weight={0: 1, 1: 3.8286875990914138, 2: 3.8139745643717897}, rf__max_depth=10, rf__max_features=sqrt, rf__max_samples=0.7, rf__min_samples_leaf=2, rf__min_samples_split=15, rf__n_estimators=300; total time=28.4min
[CV] END rf__class_weight={0: 1, 1: 3.8286875990914138, 2: 3.8139745643717897}, rf__max_depth=10, rf__max_features=sqrt, rf__max_samples=0.7, rf__min_samples_leaf=2, rf__min_samples_split=10, rf__n_estimators=500; total time=42.8min
[CV] END rf__class_weight={0: 1, 1: 3.8286875990914138, 2: 3.8139745643717897}, rf__max_depth=10, rf__max_features=sqrt, rf__max_samples=0.7, rf__min_samples_leaf=2, rf__min_samples_split=20, rf__n_estimators=100; total time=13.2min
[CV] END rf__class_weight={0: 1, 1: 3.8286875990914138, 2: 3.8139745643717897}, rf__max_depth=10, rf__max_features=sqrt, rf__max_samples=0.7, rf__min_samples_leaf=2, rf__min_samples_split=20, rf__n_estimators=100; total time=14.3min
[CV] END rf__class_weight={0: 1, 1: 3.8286875990914138, 2: 3.8139745643717897}, rf__max_depth=10, rf__max_features=sqrt, rf__max_samples=0.7, rf__min_samples_leaf=2, rf__min_samples_split=20, rf__n_estimators=100; total time=15.1min
[CV] END rf__class_weight={0: 1, 1: 3.8286875990914138, 2: 3.8139745643717897}, rf__max_depth=10, rf__max_features=sqrt, rf__max_samples=0.7, rf__min_samples_leaf=2, rf__min_samples_split=15, rf__n_estimators=500; total time=45.7min
[CV] END rf__class_weight={0: 1, 1: 3.8286875990914138, 2: 3.8139745643717897}, rf__max_depth=10, rf__max_features=sqrt, rf__max_samples=0.7, rf__min_samples_leaf=2, rf__min_samples_split=15, rf__n_estimators=500; total time=43.7min
[CV] END rf__class_weight={0: 1, 1: 3.8286875990914138, 2: 3.8139745643717897}, rf__max_depth=10, rf__max_features=sqrt, rf__max_samples=0.7, rf__min_samples_leaf=2, rf__min_samples_split=20, rf__n_estimators=300; total time=28.4min
[CV] END rf__class_weight={0: 1, 1: 3.8286875990914138, 2: 3.8139745643717897}, rf__max_depth=10, rf__max_features=sqrt, rf__max_samples=0.7, rf__min_samples_leaf=2, rf__min_samples_split=20, rf__n_estimators=300; total time=30.7min
[CV] END rf__class_weight={0: 1, 1: 3.8286875990914138, 2: 3.8139745643717897}, rf__max_depth=10, rf__max_features=sqrt, rf__max_samples=0.7, rf__min_samples_leaf=2, rf__min_samples_split=15, rf__n_estimators=500; total time=43.9min
[CV] END rf__class_weight={0: 1, 1: 3.8286875990914138, 2: 3.8139745643717897}, rf__max_depth=10, rf__max_features=sqrt, rf__max_samples=0.7, rf__min_samples_leaf=2, rf__min_samples_split=20, rf__n_estimators=300; total time=29.9min
[CV] END rf__class_weight={0: 1, 1: 3.8286875990914138, 2: 3.8139745643717897}, rf__max_depth=10, rf__max_features=sqrt, rf__max_samples=0.7, rf__min_samples_leaf=5, rf__min_samples_split=10, rf__n_estimators=100; total time=12.5min
[CV] END rf__class_weight={0: 1, 1: 3.8286875990914138, 2: 3.8139745643717897}, rf__max_depth=10, rf__max_features=sqrt, rf__max_samples=0.7, rf__min_samples_leaf=5, rf__min_samples_split=10, rf__n_estimators=100; total time=11.9min
[CV] END rf__class_weight={0: 1, 1: 3.8286875990914138, 2: 3.8139745643717897}, rf__max_depth=10, rf__max_features=sqrt, rf__max_samples=0.7, rf__min_samples_leaf=5, rf__min_samples_split=10, rf__n_estimators=100; total time=14.4min
[CV] END rf__class_weight={0: 1, 1: 3.8286875990914138, 2: 3.8139745643717897}, rf__max_depth=10, rf__max_features=sqrt, rf__max_samples=0.7, rf__min_samples_leaf=2, rf__min_samples_split=20, rf__n_estimators=500; total time=44.8min
[CV] END rf__class_weight={0: 1, 1: 3.8286875990914138, 2: 3.8139745643717897}, rf__max_depth=10, rf__max_features=sqrt, rf__max_samples=0.7, rf__min_samples_leaf=2, rf__min_samples_split=20, rf__n_estimators=500; total time=46.3min
[CV] END rf__class_weight={0: 1, 1: 3.8286875990914138, 2: 3.8139745643717897}, rf__max_depth=10, rf__max_features=sqrt, rf__max_samples=0.7, rf__min_samples_leaf=5, rf__min_samples_split=10, rf__n_estimators=300; total time=30.0min
[CV] END rf__class_weight={0: 1, 1: 3.8286875990914138, 2: 3.8139745643717897}, rf__max_depth=10, rf__max_features=sqrt, rf__max_samples=0.7, rf__min_samples_leaf=5, rf__min_samples_split=10, rf__n_estimators=300; total time=29.3min
[CV] END rf__class_weight={0: 1, 1: 3.8286875990914138, 2: 3.8139745643717897}, rf__max_depth=10, rf__max_features=sqrt, rf__max_samples=0.7, rf__min_samples_leaf=5, rf__min_samples_split=10, rf__n_estimators=300; total time=29.0min
[CV] END rf__class_weight={0: 1, 1: 3.8286875990914138, 2: 3.8139745643717897}, rf__max_depth=10, rf__max_features=sqrt, rf__max_samples=0.7, rf__min_samples_leaf=2, rf__min_samples_split=20, rf__n_estimators=500; total time=46.0min
[CV] END rf__class_weight={0: 1, 1: 3.8286875990914138, 2: 3.8139745643717897}, rf__max_depth=10, rf__max_features=sqrt, rf__max_samples=0.7, rf__min_samples_leaf=5, rf__min_samples_split=15, rf__n_estimators=100; total time=13.6min
[CV] END rf__class_weight={0: 1, 1: 3.8286875990914138, 2: 3.8139745643717897}, rf__max_depth=10, rf__max_features=sqrt, rf__max_samples=0.7, rf__min_samples_leaf=5, rf__min_samples_split=15, rf__n_estimators=100; total time=14.8min
[CV] END rf__class_weight={0: 1, 1: 3.8286875990914138, 2: 3.8139745643717897}, rf__max_depth=10, rf__max_features=sqrt, rf__max_samples=0.7, rf__min_samples_leaf=5, rf__min_samples_split=15, rf__n_estimators=100; total time=12.4min
[CV] END rf__class_weight={0: 1, 1: 3.8286875990914138, 2: 3.8139745643717897}, rf__max_depth=10, rf__max_features=sqrt, rf__max_samples=0.7, rf__min_samples_leaf=5, rf__min_samples_split=10, rf__n_estimators=500; total time=47.0min
[CV] END rf__class_weight={0: 1, 1: 3.8286875990914138, 2: 3.8139745643717897}, rf__max_depth=10, rf__max_features=sqrt, rf__max_samples=0.7, rf__min_samples_leaf=5, rf__min_samples_split=10, rf__n_estimators=500; total time=44.9min
[CV] END rf__class_weight={0: 1, 1: 3.8286875990914138, 2: 3.8139745643717897}, rf__max_depth=10, rf__max_features=sqrt, rf__max_samples=0.7, rf__min_samples_leaf=5, rf__min_samples_split=15, rf__n_estimators=300; total time=28.9min
[CV] END rf__class_weight={0: 1, 1: 3.8286875990914138, 2: 3.8139745643717897}, rf__max_depth=10, rf__max_features=sqrt, rf__max_samples=0.7, rf__min_samples_leaf=5, rf__min_samples_split=15, rf__n_estimators=300; total time=30.0min
[CV] END rf__class_weight={0: 1, 1: 3.8286875990914138, 2: 3.8139745643717897}, rf__max_depth=10, rf__max_features=sqrt, rf__max_samples=0.7, rf__min_samples_leaf=5, rf__min_samples_split=10, rf__n_estimators=500; total time=43.5min
[CV] END rf__class_weight={0: 1, 1: 3.8286875990914138, 2: 3.8139745643717897}, rf__max_depth=10, rf__max_features=sqrt, rf__max_samples=0.7, rf__min_samples_leaf=5, rf__min_samples_split=20, rf__n_estimators=100; total time=12.6min
[CV] END rf__class_weight={0: 1, 1: 3.8286875990914138, 2: 3.8139745643717897}, rf__max_depth=10, rf__max_features=sqrt, rf__max_samples=0.7, rf__min_samples_leaf=5, rf__min_samples_split=15, rf__n_estimators=300; total time=28.6min
[CV] END rf__class_weight={0: 1, 1: 3.8286875990914138, 2: 3.8139745643717897}, rf__max_depth=10, rf__max_features=sqrt, rf__max_samples=0.7, rf__min_samples_leaf=5, rf__min_samples_split=20, rf__n_estimators=100; total time=13.0min
[CV] END rf__class_weight={0: 1, 1: 3.8286875990914138, 2: 3.8139745643717897}, rf__max_depth=10, rf__max_features=sqrt, rf__max_samples=0.7, rf__min_samples_leaf=5, rf__min_samples_split=20, rf__n_estimators=100; total time=11.3min
[CV] END rf__class_weight={0: 1, 1: 3.8286875990914138, 2: 3.8139745643717897}, rf__max_depth=10, rf__max_features=sqrt, rf__max_samples=0.7, rf__min_samples_leaf=5, rf__min_samples_split=15, rf__n_estimators=500; total time=46.4min
[CV] END rf__class_weight={0: 1, 1: 3.8286875990914138, 2: 3.8139745643717897}, rf__max_depth=10, rf__max_features=sqrt, rf__max_samples=0.7, rf__min_samples_leaf=5, rf__min_samples_split=15, rf__n_estimators=500; total time=45.9min
[CV] END rf__class_weight={0: 1, 1: 3.8286875990914138, 2: 3.8139745643717897}, rf__max_depth=10, rf__max_features=sqrt, rf__max_samples=0.7, rf__min_samples_leaf=5, rf__min_samples_split=15, rf__n_estimators=500; total time=43.4min
[CV] END rf__class_weight={0: 1, 1: 3.8286875990914138, 2: 3.8139745643717897}, rf__max_depth=10, rf__max_features=sqrt, rf__max_samples=0.7, rf__min_samples_leaf=5, rf__min_samples_split=20, rf__n_estimators=300; total time=30.4min
[CV] END rf__class_weight={0: 1, 1: 3.8286875990914138, 2: 3.8139745643717897}, rf__max_depth=10, rf__max_features=sqrt, rf__max_samples=0.7, rf__min_samples_leaf=5, rf__min_samples_split=20, rf__n_estimators=300; total time=29.5min
[CV] END rf__class_weight={0: 1, 1: 3.8286875990914138, 2: 3.8139745643717897}, rf__max_depth=10, rf__max_features=sqrt, rf__max_samples=0.7, rf__min_samples_leaf=5, rf__min_samples_split=20, rf__n_estimators=300; total time=32.2min
[CV] END rf__class_weight={0: 1, 1: 3.8286875990914138, 2: 3.8139745643717897}, rf__max_depth=10, rf__max_features=sqrt, rf__max_samples=0.8, rf__min_samples_leaf=1, rf__min_samples_split=10, rf__n_estimators=100; total time=12.1min
[CV] END rf__class_weight={0: 1, 1: 3.8286875990914138, 2: 3.8139745643717897}, rf__max_depth=10, rf__max_features=sqrt, rf__max_samples=0.8, rf__min_samples_leaf=1, rf__min_samples_split=10, rf__n_estimators=100; total time=12.5min
[CV] END rf__class_weight={0: 1, 1: 3.8286875990914138, 2: 3.8139745643717897}, rf__max_depth=10, rf__max_features=sqrt, rf__max_samples=0.8, rf__min_samples_leaf=1, rf__min_samples_split=10, rf__n_estimators=100; total time=16.4min
[CV] END rf__class_weight={0: 1, 1: 3.8286875990914138, 2: 3.8139745643717897}, rf__max_depth=10, rf__max_features=sqrt, rf__max_samples=0.7, rf__min_samples_leaf=5, rf__min_samples_split=20, rf__n_estimators=500; total time=45.2min
[CV] END rf__class_weight={0: 1, 1: 3.8286875990914138, 2: 3.8139745643717897}, rf__max_depth=10, rf__max_features=sqrt, rf__max_samples=0.7, rf__min_samples_leaf=5, rf__min_samples_split=20, rf__n_estimators=500; total time=48.0min
[CV] END rf__class_weight={0: 1, 1: 3.8286875990914138, 2: 3.8139745643717897}, rf__max_depth=10, rf__max_features=sqrt, rf__max_samples=0.7, rf__min_samples_leaf=5, rf__min_samples_split=20, rf__n_estimators=500; total time=45.4min
[CV] END rf__class_weight={0: 1, 1: 3.8286875990914138, 2: 3.8139745643717897}, rf__max_depth=10, rf__max_features=sqrt, rf__max_samples=0.8, rf__min_samples_leaf=1, rf__min_samples_split=10, rf__n_estimators=300; total time=33.9min
[CV] END rf__class_weight={0: 1, 1: 3.8286875990914138, 2: 3.8139745643717897}, rf__max_depth=10, rf__max_features=sqrt, rf__max_samples=0.8, rf__min_samples_leaf=1, rf__min_samples_split=10, rf__n_estimators=300; total time=33.1min
[CV] END rf__class_weight={0: 1, 1: 3.8286875990914138, 2: 3.8139745643717897}, rf__max_depth=10, rf__max_features=sqrt, rf__max_samples=0.8, rf__min_samples_leaf=1, rf__min_samples_split=10, rf__n_estimators=300; total time=32.3min
[CV] END rf__class_weight={0: 1, 1: 3.8286875990914138, 2: 3.8139745643717897}, rf__max_depth=10, rf__max_features=sqrt, rf__max_samples=0.8, rf__min_samples_leaf=1, rf__min_samples_split=15, rf__n_estimators=100; total time=14.4min
[CV] END rf__class_weight={0: 1, 1: 3.8286875990914138, 2: 3.8139745643717897}, rf__max_depth=10, rf__max_features=sqrt, rf__max_samples=0.8, rf__min_samples_leaf=1, rf__min_samples_split=15, rf__n_estimators=100; total time=15.2min
[CV] END rf__class_weight={0: 1, 1: 3.8286875990914138, 2: 3.8139745643717897}, rf__max_depth=10, rf__max_features=sqrt, rf__max_samples=0.8, rf__min_samples_leaf=1, rf__min_samples_split=15, rf__n_estimators=100; total time=17.0min
[CV] END rf__class_weight={0: 1, 1: 3.8286875990914138, 2: 3.8139745643717897}, rf__max_depth=10, rf__max_features=sqrt, rf__max_samples=0.8, rf__min_samples_leaf=1, rf__min_samples_split=10, rf__n_estimators=500; total time=49.0min
[CV] END rf__class_weight={0: 1, 1: 3.8286875990914138, 2: 3.8139745643717897}, rf__max_depth=10, rf__max_features=sqrt, rf__max_samples=0.8, rf__min_samples_leaf=1, rf__min_samples_split=10, rf__n_estimators=500; total time=46.6min
[CV] END rf__class_weight={0: 1, 1: 3.8286875990914138, 2: 3.8139745643717897}, rf__max_depth=10, rf__max_features=sqrt, rf__max_samples=0.8, rf__min_samples_leaf=1, rf__min_samples_split=15, rf__n_estimators=300; total time=31.1min
[CV] END rf__class_weight={0: 1, 1: 3.8286875990914138, 2: 3.8139745643717897}, rf__max_depth=10, rf__max_features=sqrt, rf__max_samples=0.8, rf__min_samples_leaf=1, rf__min_samples_split=15, rf__n_estimators=300; total time=31.4min
[CV] END rf__class_weight={0: 1, 1: 3.8286875990914138, 2: 3.8139745643717897}, rf__max_depth=10, rf__max_features=sqrt, rf__max_samples=0.8, rf__min_samples_leaf=1, rf__min_samples_split=10, rf__n_estimators=500; total time=45.3min
[CV] END rf__class_weight={0: 1, 1: 3.8286875990914138, 2: 3.8139745643717897}, rf__max_depth=10, rf__max_features=sqrt, rf__max_samples=0.8, rf__min_samples_leaf=1, rf__min_samples_split=15, rf__n_estimators=300; total time=30.6min
[CV] END rf__class_weight={0: 1, 1: 3.8286875990914138, 2: 3.8139745643717897}, rf__max_depth=10, rf__max_features=sqrt, rf__max_samples=0.8, rf__min_samples_leaf=1, rf__min_samples_split=20, rf__n_estimators=100; total time=12.7min
[CV] END rf__class_weight={0: 1, 1: 3.8286875990914138, 2: 3.8139745643717897}, rf__max_depth=10, rf__max_features=sqrt, rf__max_samples=0.8, rf__min_samples_leaf=1, rf__min_samples_split=20, rf__n_estimators=100; total time=13.1min
[CV] END rf__class_weight={0: 1, 1: 3.8286875990914138, 2: 3.8139745643717897}, rf__max_depth=10, rf__max_features=sqrt, rf__max_samples=0.8, rf__min_samples_leaf=1, rf__min_samples_split=20, rf__n_estimators=100; total time=13.6min
[CV] END rf__class_weight={0: 1, 1: 3.8286875990914138, 2: 3.8139745643717897}, rf__max_depth=10, rf__max_features=sqrt, rf__max_samples=0.8, rf__min_samples_leaf=1, rf__min_samples_split=15, rf__n_estimators=500; total time=47.2min
[CV] END rf__class_weight={0: 1, 1: 3.8286875990914138, 2: 3.8139745643717897}, rf__max_depth=10, rf__max_features=sqrt, rf__max_samples=0.8, rf__min_samples_leaf=1, rf__min_samples_split=15, rf__n_estimators=500; total time=46.6min
[CV] END rf__class_weight={0: 1, 1: 3.8286875990914138, 2: 3.8139745643717897}, rf__max_depth=10, rf__max_features=sqrt, rf__max_samples=0.8, rf__min_samples_leaf=1, rf__min_samples_split=20, rf__n_estimators=300; total time=30.0min
[CV] END rf__class_weight={0: 1, 1: 3.8286875990914138, 2: 3.8139745643717897}, rf__max_depth=10, rf__max_features=sqrt, rf__max_samples=0.8, rf__min_samples_leaf=1, rf__min_samples_split=20, rf__n_estimators=300; total time=34.3min
[CV] END rf__class_weight={0: 1, 1: 3.8286875990914138, 2: 3.8139745643717897}, rf__max_depth=10, rf__max_features=sqrt, rf__max_samples=0.8, rf__min_samples_leaf=1, rf__min_samples_split=15, rf__n_estimators=500; total time=46.5min
[CV] END rf__class_weight={0: 1, 1: 3.8286875990914138, 2: 3.8139745643717897}, rf__max_depth=10, rf__max_features=sqrt, rf__max_samples=0.8, rf__min_samples_leaf=1, rf__min_samples_split=20, rf__n_estimators=300; total time=31.1min
[CV] END rf__class_weight={0: 1, 1: 3.8286875990914138, 2: 3.8139745643717897}, rf__max_depth=10, rf__max_features=sqrt, rf__max_samples=0.8, rf__min_samples_leaf=2, rf__min_samples_split=10, rf__n_estimators=100; total time=14.3min
[CV] END rf__class_weight={0: 1, 1: 3.8286875990914138, 2: 3.8139745643717897}, rf__max_depth=10, rf__max_features=sqrt, rf__max_samples=0.8, rf__min_samples_leaf=2, rf__min_samples_split=10, rf__n_estimators=100; total time=15.3min
[CV] END rf__class_weight={0: 1, 1: 3.8286875990914138, 2: 3.8139745643717897}, rf__max_depth=10, rf__max_features=sqrt, rf__max_samples=0.8, rf__min_samples_leaf=2, rf__min_samples_split=10, rf__n_estimators=100; total time=13.1min
[CV] END rf__class_weight={0: 1, 1: 3.8286875990914138, 2: 3.8139745643717897}, rf__max_depth=10, rf__max_features=sqrt, rf__max_samples=0.8, rf__min_samples_leaf=1, rf__min_samples_split=20, rf__n_estimators=500; total time=48.5min
[CV] END rf__class_weight={0: 1, 1: 3.8286875990914138, 2: 3.8139745643717897}, rf__max_depth=10, rf__max_features=sqrt, rf__max_samples=0.8, rf__min_samples_leaf=1, rf__min_samples_split=20, rf__n_estimators=500; total time=50.2min
[CV] END rf__class_weight={0: 1, 1: 3.8286875990914138, 2: 3.8139745643717897}, rf__max_depth=10, rf__max_features=sqrt, rf__max_samples=0.8, rf__min_samples_leaf=2, rf__min_samples_split=10, rf__n_estimators=300; total time=31.8min
[CV] END rf__class_weight={0: 1, 1: 3.8286875990914138, 2: 3.8139745643717897}, rf__max_depth=10, rf__max_features=sqrt, rf__max_samples=0.8, rf__min_samples_leaf=2, rf__min_samples_split=10, rf__n_estimators=300; total time=31.5min
[CV] END rf__class_weight={0: 1, 1: 3.8286875990914138, 2: 3.8139745643717897}, rf__max_depth=10, rf__max_features=sqrt, rf__max_samples=0.8, rf__min_samples_leaf=2, rf__min_samples_split=15, rf__n_estimators=100; total time=14.7min
[CV] END rf__class_weight={0: 1, 1: 3.8286875990914138, 2: 3.8139745643717897}, rf__max_depth=10, rf__max_features=sqrt, rf__max_samples=0.8, rf__min_samples_leaf=2, rf__min_samples_split=10, rf__n_estimators=300; total time=31.4min
[CV] END rf__class_weight={0: 1, 1: 3.8286875990914138, 2: 3.8139745643717897}, rf__max_depth=10, rf__max_features=sqrt, rf__max_samples=0.8, rf__min_samples_leaf=1, rf__min_samples_split=20, rf__n_estimators=500; total time=47.0min
[CV] END rf__class_weight={0: 1, 1: 3.8286875990914138, 2: 3.8139745643717897}, rf__max_depth=10, rf__max_features=sqrt, rf__max_samples=0.8, rf__min_samples_leaf=2, rf__min_samples_split=15, rf__n_estimators=100; total time=13.7min
[CV] END rf__class_weight={0: 1, 1: 3.8286875990914138, 2: 3.8139745643717897}, rf__max_depth=10, rf__max_features=sqrt, rf__max_samples=0.8, rf__min_samples_leaf=2, rf__min_samples_split=15, rf__n_estimators=100; total time=13.1min
[CV] END rf__class_weight={0: 1, 1: 3.8286875990914138, 2: 3.8139745643717897}, rf__max_depth=10, rf__max_features=sqrt, rf__max_samples=0.8, rf__min_samples_leaf=2, rf__min_samples_split=10, rf__n_estimators=500; total time=46.6min
[CV] END rf__class_weight={0: 1, 1: 3.8286875990914138, 2: 3.8139745643717897}, rf__max_depth=10, rf__max_features=sqrt, rf__max_samples=0.8, rf__min_samples_leaf=2, rf__min_samples_split=10, rf__n_estimators=500; total time=47.5min
[CV] END rf__class_weight={0: 1, 1: 3.8286875990914138, 2: 3.8139745643717897}, rf__max_depth=10, rf__max_features=sqrt, rf__max_samples=0.8, rf__min_samples_leaf=2, rf__min_samples_split=10, rf__n_estimators=500; total time=45.4min
[CV] END rf__class_weight={0: 1, 1: 3.8286875990914138, 2: 3.8139745643717897}, rf__max_depth=10, rf__max_features=sqrt, rf__max_samples=0.8, rf__min_samples_leaf=2, rf__min_samples_split=15, rf__n_estimators=300; total time=30.5min
[CV] END rf__class_weight={0: 1, 1: 3.8286875990914138, 2: 3.8139745643717897}, rf__max_depth=10, rf__max_features=sqrt, rf__max_samples=0.8, rf__min_samples_leaf=2, rf__min_samples_split=15, rf__n_estimators=300; total time=30.8min
[CV] END rf__class_weight={0: 1, 1: 3.8286875990914138, 2: 3.8139745643717897}, rf__max_depth=10, rf__max_features=sqrt, rf__max_samples=0.8, rf__min_samples_leaf=2, rf__min_samples_split=15, rf__n_estimators=300; total time=33.0min
[CV] END rf__class_weight={0: 1, 1: 3.8286875990914138, 2: 3.8139745643717897}, rf__max_depth=10, rf__max_features=sqrt, rf__max_samples=0.8, rf__min_samples_leaf=2, rf__min_samples_split=20, rf__n_estimators=100; total time=13.3min
[CV] END rf__class_weight={0: 1, 1: 3.8286875990914138, 2: 3.8139745643717897}, rf__max_depth=10, rf__max_features=sqrt, rf__max_samples=0.8, rf__min_samples_leaf=2, rf__min_samples_split=20, rf__n_estimators=100; total time=14.0min
[CV] END rf__class_weight={0: 1, 1: 3.8286875990914138, 2: 3.8139745643717897}, rf__max_depth=10, rf__max_features=sqrt, rf__max_samples=0.8, rf__min_samples_leaf=2, rf__min_samples_split=20, rf__n_estimators=100; total time=17.2min
